12:49:33 **** Build of configuration Debug for project dma_host ****
make all 
make --no-print-directory pre-build
a9-linaro-pre-build-step
' '
make --no-print-directory main-build
'Building file: ../src/dmatest.c'
'Invoking: ARM v7 gcc compiler'
arm-none-eabi-gcc -Wall -O0 -g3 -c -fmessage-length=0 -MT"src/dmatest.o" -mcpu=cortex-a9 -mfpu=vfpv3 -mfloat-abi=hard -IC:/Users/sri_s/OneDrive/Desktop/ECE_520/Project/software/dma_platform/export/dma_platform/sw/dma_platform/standalone_domain/bspinclude/include -MMD -MP -MF"src/dmatest.d" -MT"src/dmatest.o" -o "src/dmatest.o" "../src/dmatest.c"
'Finished building: ../src/dmatest.c'
' '
'Building file: ../src/platform.c'
'Invoking: ARM v7 gcc compiler'
arm-none-eabi-gcc -Wall -O0 -g3 -c -fmessage-length=0 -MT"src/platform.o" -mcpu=cortex-a9 -mfpu=vfpv3 -mfloat-abi=hard -IC:/Users/sri_s/OneDrive/Desktop/ECE_520/Project/software/dma_platform/export/dma_platform/sw/dma_platform/standalone_domain/bspinclude/include -MMD -MP -MF"src/platform.d" -MT"src/platform.o" -o "src/platform.o" "../src/platform.c"
'Finished building: ../src/platform.c'
' '
'Building file: ../src/ps7_init.c'
'Invoking: ARM v7 gcc compiler'
arm-none-eabi-gcc -Wall -O0 -g3 -c -fmessage-length=0 -MT"src/ps7_init.o" -mcpu=cortex-a9 -mfpu=vfpv3 -mfloat-abi=hard -IC:/Users/sri_s/OneDrive/Desktop/ECE_520/Project/software/dma_platform/export/dma_platform/sw/dma_platform/standalone_domain/bspinclude/include -MMD -MP -MF"src/ps7_init.d" -MT"src/ps7_init.o" -o "src/ps7_init.o" "../src/ps7_init.c"
'Finished building: ../src/ps7_init.c'
' '
'Building target: dma_host.elf'
'Invoking: ARM v7 gcc linker'
arm-none-eabi-gcc -mcpu=cortex-a9 -mfpu=vfpv3 -mfloat-abi=hard -Wl,-build-id=none -specs=Xilinx.spec -Wl,-T -Wl,../src/lscript.ld -LC:/Users/sri_s/OneDrive/Desktop/ECE_520/Project/software/dma_platform/export/dma_platform/sw/dma_platform/standalone_domain/bsplib/lib -o "dma_host.elf"  ./src/dmatest.o ./src/platform.o ./src/ps7_init.o   -Wl,--start-group,-lxil,-lgcc,-lc,--end-group
'Finished building target: dma_host.elf'
' '
'Invoking: ARM v7 Print Size'
arm-none-eabi-size dma_host.elf  |tee "dma_host.elf.size"
   text	   data	    bss	    dec	    hex	filename
  28870	  12160	  22616	  63646	   f89e	dma_host.elf
'Finished building: dma_host.elf.size'
' '

12:49:34 Build Finished (took 1s.241ms)

